OCR RESULTS:
TEXT PREVIEW: 1
S No.
Transaction
Date
Cheque Number
Transaction Remarks
Withdrawal
Amount (INR)
Deposit
Amount (INR)
Balance
(INR)
1
01.01.2026
UPI/GOOGLE IND/goog-payments@/Rewarded
f/AXIS
BANK/146928530016/AXI5ac156dd792f4628b762
49307abd53de
5.00
22899.84
2
01.01.2026
UPI/Google Ind/gpayrecharge@i/UPI/ICICI
Bank/636707459311/ICI669ce6c9512743129b224
de77da54b4b/
148.90
22750.94
3
01.01.2026
UPI/GOOGLE IND/goog-payments@/UPI/AXIS
BANK/271624380016/AXIcbf1c77119254f14b0aeb
20d06cba94f
1.00
22751.94
4
02.01.
ENGINE: PyMuPDF (Vector)
DOCUMENT_TYPE: BANK_STATEMENT
EXTRACTED_DATA: {
  "id_number": "Account no. 613401516318",
  "id_number_val": "613401516318",
  "date": "09-01-26",
  "dob": "09-01-26",
  "text": "1\nS No.\nTransaction\nDate\nCheque Number\nTransaction Remarks\nWithdrawal\nAmount (INR)\nDeposit\nAmount (INR)\nBalance\n(INR)\n1\n01.01.2026\nUPI/GOOGLE IND/goog-payments@/Rewarded\nf/AXIS\nBANK/146928530016/AXI5ac156dd792f4628b762\n49307abd53de\n5.00\n22899.84\n2\n01.01.2026\nUPI/Google Ind/gpayrecharge@i/UPI/ICICI\nBank/636707459311/ICI669ce6c9512743129b224\nde77da54b4b/\n148.90\n22750.94\n3\n01.01.2026\nUPI/GOOGLE IND/goog-payments@/UPI/AXIS\nBANK/271624380016/AXIcbf1c77119254f14b0aeb\n20d06cba94f\n1.00\n22751.94\n4\n02.01.2026\nUPI/vvsriram05/vvsriram05@oki/UPI/ICICI\nBank/636857588689/ICIb56bb175c9e9482587d60\n6302f9d1bb9/\n1000.00\n21751.94\n5\n02.01.2026\nUPI/M S ANJANA/ibkpos.ep14227/UPI/ICICI\nBank/600288706831/ICI1f7efc5fd3024219862925d\n9f36da327/\n261.00\n21490.94\n6\n03.01.2026\nUPI/TANGEDCO/tangedco@india/TANGEDCO\nP/INDIAN\nBAN/636902114060/ICI957bdb72b293449a8c756f\n6112763c76/\n649.00\n20841.94\n7\n03.01.2026\nUPI/TANGEDCO/tangedco@india/TANGEDCO\nP/INDIAN\nBAN/636991005986/ICI4297b6bbea574e06ba78fb\n1803efbbd1/\n841.00\n20000.94\n8\n05.01.2026\nBIL/INFT/FA50830592/Family/\nSANKAR RAMAN\n20000.00\n40000.94\n9\n05.01.2026\nUPI/gvmaniyan1/gvmaniyan1964@/Sankar to/CITY\nUNION/600511112823/ICI20b3524687064720baa8\ndccbacf83f91/\n10000.00\n30000.94\n10\n05.01.2026\nUPI/Thangaraj/paytm.s1470pr@/UPI/YES BANK\nP/600590335040/ICIcfc49a8506f5455a888eee2d6\na84116e/\n20.00\n29980.94\n11\n05.01.2026\nUPI/Mr Balasub/balasubramanis/UPI/INDIAN\nBAN/600526860303/ICIddc34e4e0e2f4ca5aaf0d76\n87bc10d1e/\n2000.00\n27980.94\n12\n06.01.2026\nUPI/vvsriram05/vvsriram05@oki/UPI/ICICI\nBank/637290231846/ICIf0afe8d807ee4267875daa\ndb64041832/\n500.00\n27480.94\n13\n07.01.2026\nUPI/Swiggy Ltd/swiggyupi@axb/Pay for In/AXIS\nBANK/637341081421/AXB10aaf420a2524f7db430\n478cf3dc2114/\n265.00\n27215.94\n14\n07.01.2026\nUPI/tpitchaman/tpitchamani@ok/UPI/ICICI\nBank/600745607884/ICI26c0f2989ae244f0be3c86f\n4a88f5a51/\n100.00\n27115.94\n15\n07.01.2026\nUPI/SHRI SANGE/q071664392@ybl/UPI/YES BANK\nL/600708137585/ICIcc8cd4a824ec4b3aa9df8073af\n1f162a/\n284.00\n26831.94\n16\n07.01.2026\nUPI/GNANRAJ J/paytmqr6c2u1y@/UPI/YES BANK\nL/600744410624/ICIb24054daea064dd3bca120f75\ne04d8f0/\n115.00\n26716.94\nBRANCH, GROUND FLOOR, TRR TOWERS, A\n14/S COLONY MAIN ROAD, , TRICHY, TN, IN,\n620018\nV VIJAYALAKSHMI R VEERANGAN\nPNO5,21ST CROSS,BALAJI NAGAR,KATTUR,\nNEAR MONTFORT SCHOOL TRICHY\nTAMIL NADU - INDIA -  620019\nStatement of Transactions in Saving Account no. 613401516318 in INR for the period January 1, 2026 - February 12, 2026\nYour Base Branch:  ICICI BANK LIMITED,\nNever share your OTP, CVV or passwords with anyone, even if the person claims to be a Bank employee.\nwww.icici.bank.in\nDial your Bank 1800-1080\nPlease call from your registered mobile number for faster access\n2\nS No.\nTransaction\nDate\nCheque Number\nTransaction Remarks\nWithdrawal\nAmount (INR)\nDeposit\nAmount (INR)\nBalance\n(INR)\n17\n08.01.2026\nUPI/GOOGLE IND/goog-payments@/UPI/AXIS\nBANK/547893810086/AXI1789fb73ef854072a5031\n67cbeb4a4b1\n1.00\n26717.94\n18\n08.01.2026\nUPI/ACS ENTERP/paytm.d1428575/UPI/YES BANK\nP/600858034429/ICIa67e100f62ab4ef4983bd8518\ncb0291f/\n303.48\n26414.46\n19\n08.01.2026\nUPI/ALAGURAJ M/q174823388@ybl/UPI/YES BANK\nL/600868361881/ICIdc2e5bde93974c4f8b80e6a99\nec5593b/\n240.00\n26174.46\n20\n08.01.2026\nUPI/VIDYA R/ramvidya88-1@o/UPI/INDIAN\nOVE/600832064997/ICI48e01ac9f2cc4cc88848300\n1c7848be1/\n200.00\n25974.46\n21\n08.01.2026\nUPI/EZHAM SUVA/paytmqr6ezx2x@/UPI/YES\nBANK\nL/600861373750/ICI24d864a3d9d04be3bc1cf2906\n4ea1770/\n221.00\n25753.46\n22\n08.01.2026\nUPI/VIDYA R/ramvidya88-1@o/UPI/INDIAN\nOVE/600845170464/ICIc7114e8152ef4bd5b3b5fea\n755117e51/\n200.00\n25553.46\n23\n09.01.2026\nCAM/40042HHR/CASH DEP-Self/09-01-26/7978\n37400.00\n62953.46\n24\n09.01.2026\nUPI/V VIJAYALA/9443469666@ybl/UPI/INDIAN\nOVE/637562919115/ICI74df7c0a44d64ff49a0ce10\n76adca9f5/\n38450.00\n24503.46\n25\n09.01.2026\nUPI/vvsriram05/vvsriram05@oki/UPI/ICICI\nBank/637571455255/ICIe6e36c17fc994397ab7159\nfac4494c76/\n6000.00\n18503.46\n26\n09.01.2026\nUPI/vvsriram05/vvsriram05@oki/UPI/ICICI\nBank/637538678949/ICIa1942393c78946e7917c2\n2a992b02168/\n1000.00\n17503.46\n27\n10.01.2026\nUPI/VIDYA R/ramvidya88-1@o/UPI/INDIAN\nOVE/601031619152/ICIa14ca6d1f84c45a5a265b3\na960140818/\n1000.00\n16503.46\n28\n10.01.2026\nUPI/vvsriram05/vvsriram05@oki/UPI/ICICI\nBank/601096942090/ICI00aa38efc223497e9a03f0\nc9195003cb/\n1000.00\n15503.46\n29\n10.01.2026\nUPI/AUTOPE PAY/irctcautope@ye/Invoice/YES\nBANK\nL/601015437081/ICI9091022444364c0a8cee15964\n9e6c5f6/\n543.60\n14959.86\n30\n11.01.2026\nUPI/Swiggy Lim/swiggy1online./UPI/AXIS\nBANK/601136854692/ICI7b9f70b9a2854b148d604\nb6bafcfb9d3/\n258.00\n14701.86\n31\n11.01.2026\nUPI/GOOGLE IND/goog-payments@/Rewarded\nf/AXIS\nBANK/197334180116/AXI151074e83d464bc2aa23\n4eb6c1bc2c2d\n6.00\n14707.86\n32\n11.01.2026\nUPI/PACKIRISAM/paytmqr6iym5h@/UPI/YES BANK\nL/601170770140/ICI344b2234d0f045f1b5a407e34\ne54c56e/\n80.00\n14627.86\n33\n11.01.2026\nUPI/Swiggy Lim/swiggy1online./UPI/AXIS\nBANK/601187179483/ICIbc777c67cc2942f198455\n8e988cc5e89/\n837.00\n13790.86\n34\n12.01.2026\nUPI/Google Ind/gpayrecharge@o/UPI/AXIS\nBANK/637828729870/ICI07b9f8057974416a8d180\nf9f870cbaf7/\n549.90\n13240.96\n35\n13.01.2026\nUPI/AUTOPE PAY/irctcautope@ye/Refund for/YES\nBANK\nL/601340507296/YESB48438D6B4CB2376EE0640\n0144FF9FFF\n543.60\n13784.56\n36\n16.01.2026\nUPI/ASWINS\nHOM/aswinshomespec/Generating/HDFC\nBANK/601610406036/PLUTUSDQR000000000000\n00001147884592/\n293.00\n13491.56\nNever share your OTP, CVV or passwords with anyone, even if the person claims to be a Bank employee.\nwww.icici.bank.in\nDial your Bank 1800-1080\nPlease call from your registered mobile number for faster access\n3\nS No.\nTransaction\nDate\nCheque Number\nTransaction Remarks\nWithdrawal\nAmount (INR)\nDeposit\nAmount (INR)\nBalance\n(INR)\n37\n17.01.2026\nUPI/vvsriram05/vvsriram05@oki/UPI/ICICI\nBank/601742580632/ICIa406c32cf07d4172b77016\n648efbd906/\n4000.00\n9491.56\n38\n19.01.2026\nUPI/Google Ind/googlebbpsutil/UPI/ICICI\nBank/601920767483/ICI85189df062434aa9b14aa\n5d10d0cb01c/\n3041.00\n6450.56\n39\n20.01.2026\nUPI/Mr G VENKA/gvmaniyan1964@/UPI/CITY\nUNION/638659517083/ICI5f6fb6f1877d436a9b96c\needbd2c3fd5\n6000.00\n12450.56\n40\n20.01.2026\nUPI/V VIJAYALA/9443469666@ybl/UPI/INDIAN\nOVE/638640439317/ICIfea5c55cce0f4543b4e094a\nbb79afbf5/\n4000.00\n8450.56\n41\n21.01.2026\nUPI/VIDYA R/ramvidya88-1@o/UPI/INDIAN\nOVE/638722557414/ICIf3db6fd33f634626a9a5b50\n0f0a0ab61/\n2000.00\n6450.56\n42\n24.01.2026\nUPI/DHARMARAJ/pappamuthu-2@o/UPI/State\nBank/639062077221/ICI985301a8b3ea4c139a7d2\n538de41e3ac/\n500.00\n5950.56\n43\n24.01.2026\nUPI/ANJANA MED/netc.tn45bp099/UPI/CITY\nUNION/602494504752/ICI080f58c2957b442fb1975\nc3b1a7c1a81/\n1000.00\n4950.56\n44\n24.01.2026\nUPI/EZHAM SUVA/paytmqr6ezx2x@/UPI/YES\nBANK\nL/602459035499/ICI8da13163a92540989a0ebd94f\naf0009b/\n550.00\n4400.56\n45\n26.01.2026\nUPI/DURGABAI P/paytmqr9xivbww/UPI/YES BANK\nL/639221573878/ICI6f46a42b5d1a4669ba18a4ef5\n2cc3544/\n834.00\n3566.56\n46\n27.01.2026\nUPI/MOHAMED IM/q079129764@ybl/UPI/YES\nBANK\nL/602716914713/ICIc315d388a30b4de79ecd6bad6\n8e174ff/\n205.00\n3361.56\n47\n27.01.2026\nVPS/HOTEL\nKANNA/202601272053/602715769563/TRICHY\n330.00\n3031.56\n48\n28.01.2026\nUPI/IRCTC ETIC/cf.irctc@cashf/IRCTC TICK/NSDL\nPAYME/602805446605/ICI3389142248f54322a4f7\n354eddf23431\n543.60\n2487.96\n49\n28.01.2026\nCAM/61343HRY/CASH DEP-Self/28-01-26/499\n49000.00\n51487.96\n50\n28.01.2026\nCAM/61343HRY/CASH DEP-Self/28-01-26/501\n33500.00\n84987.96\n51\n28.01.2026\nCAM/61342ORY/CASH DEP-Self/28-01-26/7469\n1500.00\n86487.96\n52\n28.01.2026\nMMT/IMPS/602818243467/RepaymentofLoan/VEE\nRANGAN/IOBA0000912/chgRs5.00GSTRs0.90\n39505.90\n46982.06\n53\n28.01.2026\nUPI/VEERANGAN/krveerangan@ok/UPI/State\nBank/602887175687/ICI886226848230470c94714\n4bff2ec3a78/\n45250.00\n1732.06\n54\n29.01.2026\nUPI/IRCTC ETIC/cf.irctc@cashf/IRCTC TICK/NSDL\nPAYME/639567906286/ICI5954082640334f5cba60\nf76cbb7841d4\n201.80\n1530.26\n55\n29.01.2026\nUPI/VIDYA R/ramvidya88-1@o/UPI/INDIAN\nOVE/639554908421/ICI7b3b1164fdbf46bb8d37d3\n15f348a46b/\n400.00\n1130.26\n56\n30.01.2026\nUPI/ALAGURAJ M/q174823388@ybl/UPI/YES BANK\nL/639681657519/ICIceafd77a8f37493fa351176270\nb2ba80/\n180.00\n950.26\n57\n30.01.2026\nUPI/Google Pla/playstore1.bd@/MandateExe/AXIS\nBANK/931246600306/AXI12bfe19ab8134723a953\n3c7a888574a5/\n59.00\n891.26\n58\n30.01.2026\nUPI/Google Pla/playstore1.bd@/MandateExe/AXIS\nBANK/933177620306/AXI5dce08f52b9543a48920\n34c46607ce6b/\n59.00\n832.26\nNever share your OTP, CVV or passwords with anyone, even if the person claims to be a Bank employee.\nwww.icici.bank.in\nDial your Bank 1800-1080\nPlease call from your registered mobile number for faster access\n4\nS No.\nTransaction\nDate\nCheque Number\nTransaction Remarks\nWithdrawal\nAmount (INR)\nDeposit\nAmount (INR)\nBalance\n(INR)\n59\n30.01.2026\nUPI/IRCTC ETIC/cf.irctc@cashf/IRCTC TICK/NSDL\nPAYME/639660596684/ICIc905a9656f184840bbef\nb6fe98d4b7da\n818.60\n13.66\n60\n30.01.2026\nUPI/RFNDIRCTC /cf.irctc@cashf/IRCTC TICK/NSDL\nPAYME/602805446605/ICI3389142248f54322a4f7\n354eddf23431\n455.00\n468.66\n61\n31.01.2026\nUPI/RFNDIRCTC /cf.irctc@cashf/IRCTC TICK/NSDL\nPAYME/639567906286/ICI5954082640334f5cba60\nf76cbb7841d4\n130.00\n598.66\n62\n02.02.2026\nCAM/40042HHR/CASH DEP-Self/02-02-26/848\n18500.00\n19098.66\n63\n02.02.2026\nUPI/IRCTC ETIC/cf.irctc@cashf/IRCTC TICK/NSDL\nPAYME/639921599752/ICI7bd1fe0b0f8c46cea88dd\nf6584a16cd3\n709.05\n18389.61\n64\n02.02.2026\nUPI/EZHAM SUVA/paytmqr6ezx2x@/UPI/YES\nBANK\nL/603372016802/ICIc7d8015c10254422ba449ba2e\nbc74bbc/\n389.00\n18000.61\n65\n02.02.2026\nUPI/tpitchaman/tpitchamani@ok/UPI/ICICI\nBank/603397837075/ICIaf87a384904d4178a9009\nd8bd78c4e0c/\n100.00\n17900.61\n66\n02.02.2026\nUPI/VEERANGAN/krveerangan@ok/c card\ndue/State\nBank/603341121573/SBI50836f80637a41e580a50\n00192daa29d\n13000.00\n30900.61\n67\n02.02.2026\nBIL/NEFT/IN12603321727656/NEFTCC-CC\nDue/VEERANGAN /RATNAKAR BANK L\n25500.00\n5400.61\n68\n02.02.2026\nUPI/vvsriram05/vvsriram05@oki/UPI/ICICI\nBank/603315535877/ICIe2ed3d4eb38c4c5b91cc02\n3c455951ef/\n5000.00\n400.61\n69\n03.02.2026\nUPI/UTS direct/paytm-8796946@/UPI/YES BANK\nL/603477259660/PYTM60203801772562890769X\nXXXXXXXXXX/\n10.00\n390.61\n70\n04.02.2026\nUPI/VEERANGAN/krveerangan@ok/UPI/State\nBank/603542294926/SBI5d66a3ce8b0945a1ab834\nec350df5daf\n2000.00\n2390.61\n71\n04.02.2026\nUPI/IRCTC ETIC/cf.irctc@cashf/IRCTC TICK/NSDL\nPAYME/640157722231/ICIba75bdcdd5124fdf9c92\nb31e2000512c\n713.60\n1677.01\n72\n04.02.2026\nUPI/VEERANGAN/krveerangan@ok/Sriram\nroo/State\nBank/603546294026/SBI52f16d48a03243c8a14bc\n6603518523e\n9000.00\n10677.01\n73\n04.02.2026\nUPI/vvsriram05/vvsriram05@oki/UPI/ICICI\nBank/640141745001/ICIcecc4f083f89419985c789a\n15e84a3e1/\n10000.00\n677.01\n74\n05.02.2026\nUPI/RFNDIRCTC /cf.irctc@cashf/IRCTC TICK/NSDL\nPAYME/534921546707/ICI42dd12ae6abe4f00ac09\n05e51865b9cb\n406.08\n1083.09\n75\n05.02.2026\nBIL/INFT/FB59281384/Family/\nSANKAR RAMAN\n20000.00\n21083.09\n76\n05.02.2026\nUPI/Indian Rai/railsbiupi11.8/UPI/State\nBank/640286488224/ICI312684004db343acb4fd19\nb2b48dc0c2/\n10.00\n21073.09\n77\n05.02.2026\nUPI/IRCTC ETIC/cf.irctc@cashf/IRCTC TICK/NSDL\nPAYME/640203898824/ICIe32b007a7ddf492eb2cd\ne2e400b235f6\n4545.40\n16527.69\n78\n05.02.2026\nUPI/IRCTC ETIC/cf.irctc@cashf/IRCTC TICK/NSDL\nPAYME/603674402086/ICI3d7135f769dc4797aa29\n3e61ffb56c0d\n4545.40\n11982.29\n79\n05.02.2026\nUPI/IRCTC ETIC/cf.irctc@cashf/IRCTC TICK/NSDL\nPAYME/603692504971/ICI79b68759e0f34c868a19\n2f708220aff9\n1154.05\n10828.24\nNever share your OTP, CVV or passwords with anyone, even if the person claims to be a Bank employee.\nwww.icici.bank.in\nDial your Bank 1800-1080\nPlease call from your registered mobile number for faster access\n5\nS No.\nTransaction\nDate\nCheque Number\nTransaction Remarks\nWithdrawal\nAmount (INR)\nDeposit\nAmount (INR)\nBalance\n(INR)\n80\n05.02.2026\nUPI/EZHAM SUVA/paytmqr6ezx2x@/UPI/YES\nBANK\nL/603632419798/ICIce9ab02563624dcf853e85e64\naa755a0/\n385.00\n10443.24\n81\n05.02.2026\nUPI/RFNDIRCTC /cf.irctc@cashf/IRCTC TICK/NSDL\nPAYME/640203898824/ICIe32b007a7ddf492eb2cd\ne2e400b235f6\n4545.40\n14988.64\n82\n06.02.2026\nUPI/VIDYA R/ramvidya88-1@o/UPI/INDIAN\nOVE/603771795129/ICI8e9a03f2e77c411c9cfb109\n0900b810a/\n100.00\n14888.64\n83\n06.02.2026\nUPI/Mr Vikash/vikashramdoss5/UPI/INDIAN\nBAN/640380602154/ICI26dcbaa7bc5d423f9e1d48\n1aa626b50b/\n50.00\n14838.64\n84\n07.02.2026\nUPI/IRCTC ETIC/cf.irctc@cashf/IRCTC TICK/NSDL\nPAYME/640417344834/ICI6f06cad7d85043169988\n4e8e8584da5d\n1324.05\n13514.59\n85\n08.02.2026\nUPI/Google Ind/gpayinternet@i/UPI/ICICI\nBank/603933504885/ICI84d08b544f9443a9af86e2\nf7af76bf88/\n991.90\n12522.69\n86\n08.02.2026\nUPI/vvsriram05/vvsriram05@oki/UPI/ICICI\nBank/603949712923/ICI2e9380fe2c83477680763e\n4022ea80d4/\n4000.00\n8522.69\n87\n08.02.2026\nUPI/Google Ind/gpayrecharge@i/UPI/ICICI\nBank/603972655165/ICIe32279635d1e4a8aa31d8\n537305f29ad/\n480.90\n8041.79\n88\n08.02.2026\nUPI/ZOMATO LIM/zomatoorder1.g/UPI/AXIS\nBANK/603958072377/ICI51e60a39432e4c10a69ba\ne90ef9ec850/\n368.16\n7673.63\n89\n11.02.2026\nUPI/Mr G VENKA/gvmaniyan1964@/UPI/CITY\nUNION/604282186051/ICI689aa91b183e4360ac7a\naf40e16aa4b4\n1250.00\n8923.63\n90\n11.02.2026\nUPI/IRCTC ETIC/cf.irctc@cashf/IRCTC TICK/NSDL\nPAYME/640846411406/ICIdc2322d747ea43a4887\ndd25359014a78\n683.60\n8240.03\n91\n11.02.2026\nUPI/IRCTC ETIC/cf.irctc@cashf/IRCTC TICK/NSDL\nPAYME/640864623123/ICId0aced5b6e924503ac33\n1ae985c3f022\n683.60\n7556.43\n92\n11.02.2026\nUPI/IRCTC ETIC/cf.irctc@cashf/IRCTC TICK/NSDL\nPAYME/640846918205/ICI8af4243e22a546e49ab6\ned93e3f9cded\n684.05\n6872.38\nSincerly,\nTeam ICICI Bank\nRCHG - Recharge\nDTAX - Direct Tax\nBPAY - Bill payment\nIDTX - Indirect Tax\nBBPS - Bharat Bill Payment Service\nINFT - Internal Fund Transfer (Within ICICI Bank)\nBIL - Internet Bill payment or funds transfer to Third party\nONL - Online Shopping transaction (Payment done on third party\nwebsite)\nNEFT - National Electronics Funds Transfer System (Other Bank\nFund transfer)\nPAVC - Pay any Visa credit card\nPAC - Personal Accident cover\nLNPY - Linked loan payment\nCCWD - Cardless Cash Withdrawal\nPAYC - Pay to Contact\nIMPS - Immediate Payment Service\nVAT/MAT/NFS - Cash withdrawal at other bank\nATM\nINF - Internet fund transfer in linked accounts\nEBA - Transaction on ICICI Direct\nLegends for transactions in your Account Statement\nSMO - Smart Money Order\nVPS/IPS - Debit card transaction\nTOP - Mobile Recharge\nBCTT - Banking Cash Transaction Tax\nUCCBRN CMS - Upcountry cheque collection\nLCCBRN CMS - Local cheque collection\nN chg - NEFT Charges\nMMT - Mobile Money Transfer (Insta FT -\nIMPS)\nT Chg - Travel Charges\nSGB - Sovereign gold bond\nNever share your OTP, CVV or passwords with anyone, even if the person claims to be a Bank employee.\nwww.icici.bank.in\nDial your Bank 1800-1080\nPlease call from your registered mobile number for faster access"
}
